GPS BIIR-2 (PRN 13),24876,U,97,035,A,22,260.10125264,-.00000029,00000-0,00000-0,0,999,5,24876,55.5199,152.0985,0062576,52.2989,308.3296,2.00563211,18450,3
