ISS (ZARYA),25544,U,98,067,A,22,255.73370370,.00008229,00000+0,15112-3,0,999,9,25544,51.6420,262.8647,0002292,226.1291,116.9782,15.50169761,35875,6
