AEROCUBE 12A,43556,U,18,046,C,22,257.29976014,.00022692,00000+0,52641-3,0,999,9,43556,51.6354,109.8054,0005697,3.0795,357.0225,15.42281973,23301,2
AEROCUBE 12B,43557,U,18,046,D,22,256.97717455,.00019746,00000+0,50152-3,0,999,7,43557,51.6361,117.3198,0006047,358.2894,1.8069,15.39624388,23283,5
ISS DEB,47853,U,98,067,RZ,22,257.37467644,.00012377,00000+0,18683-3,0,999,4,47853,51.6401,246.8753,0002140,2.2968,357.8032,15.55156353,8574,6
MMSATS-1,47976,U,98,067,SJ,22,257.77749356,.00035046,00000+0,38349-3,0,999,6,47976,51.6386,235.1169,0002352,38.7093,23.9344,15.62947322,8421,4
CSS (TIANHE),48274,U,21,035,A,22,257.75742604,.00024104,00000+0,26718-3,0,999,6,48274,41.4736,33.2329,0006061,314.0267,183.7050,15.62374121,7877,5
